// Jest Snapshot v1, https://goo.gl/fbAQLP

exports[`TableHead should render 1`] = `<thead />`;
